// Jest Snapshot v1, https://goo.gl/fbAQLP

exports[`DetailsPage renders correctly 1`] = `
Array [
  <div
    className="question-bar"
  >
    <a
      className="links home-link"
      href="/"
      onClick={[Function]}
    >
      <svg
        aria-hidden="true"
        className="svg-inline--fa fa-angle-left icon"
        data-icon="angle-left"
        data-prefix="fas"
        focusable="false"
        role="img"
        style={Object {}}
        viewBox="0 0 320 512"
        xmlns="http://www.w3.org/2000/svg"
      >
        <path
          d="M41.4 233.4c-12.5 12.5-12.5 32.8 0 45.3l160 160c12.5 12.5 32.8 12.5 45.3 0s12.5-32.8 0-45.3L109.3 256 246.6 118.6c12.5-12.5 12.5-32.8 0-45.3s-32.8-12.5-45.3 0l-160 160z"
          fill="currentColor"
          style={Object {}}
        />
      </svg>
    </a>
    <h3
      className="questions-title"
    >
      Questions
    </h3>
  </div>,
  <div
    className="question-container"
  />,
  <button
    className="check-btn"
    onClick={[Function]}
    type="button"
  >
    Check Answers
  </button>,
]
`;
